finstmt.combined.statements.FinancialStatements(
    income_statements=finstmt.inc.main.IncomeStatements(
        statements={
            datetime.datetime(
                2009,
                12,
                31
            ): finstmt.inc.data.IncomeStatementData(
                revenue=numpy.float64(10908000000.0),
                cogs=numpy.float64(10287000000.0),
                sga=numpy.float64(722000000.0),
                tax_exp=numpy.float64(-65000000.0),
                op_exp=numpy.float64(722000000.0),
                ebit=numpy.float64(-152000000.0),
                ebt=numpy.float64(-418000000.0),
                net_income=numpy.float64(-353000000.0)
            ),
            datetime.datetime(
                2010,
                12,
                31
            ): finstmt.inc.data.IncomeStatementData(
                revenue=numpy.float64(11691000000.0),
                cogs=numpy.float64(10216000000.0),
                sga=numpy.float64(780000000.0),
                tax_exp=numpy.float64(93000000.0),
                op_exp=numpy.float64(780000000.0),
                ebit=numpy.float64(695000000.0),
                ebt=numpy.float64(551000000.0),
                net_income=numpy.float64(458000000.0)
            ),
            datetime.datetime(
                2011,
                12,
                31
            ): finstmt.inc.data.IncomeStatementData(
                revenue=numpy.float64(12317000000.0),
                cogs=numpy.float64(11039000000.0),
                sga=numpy.float64(752000000.0),
                tax_exp=numpy.float64(158000000.0),
                op_exp=numpy.float64(752000000.0),
                ebit=numpy.float64(526000000.0),
                ebt=numpy.float64(356000000.0),
                net_income=numpy.float64(198000000.0)
            ),
            datetime.datetime(
                2012,
                12,
                31
            ): finstmt.inc.data.IncomeStatementData(
                revenue=numpy.float64(11814000000.0),
                cogs=numpy.float64(10190000000.0),
                sga=numpy.float64(582000000.0),
                tax_exp=numpy.float64(278000000.0),
                op_exp=numpy.float64(582000000.0),
                ebit=numpy.float64(940000000.0),
                ebt=numpy.float64(849000000.0),
                net_income=numpy.float64(571000000.0)
            ),
            datetime.datetime(
                2013,
                12,
                31
            ): finstmt.inc.data.IncomeStatementData(
                revenue=numpy.float64(12784000000.0),
                cogs=numpy.float64(11020000000.0),
                sga=numpy.float64(649000000.0),
                tax_exp=numpy.float64(271000000.0),
                op_exp=numpy.float64(649000000.0),
                ebit=numpy.float64(988000000.0),
                ebt=numpy.float64(897000000.0),
                net_income=numpy.float64(626000000.0)
            ),
            datetime.datetime(
                2014,
                12,
                31
            ): finstmt.inc.data.IncomeStatementData(
                revenue=numpy.float64(13796000000.0),
                cogs=numpy.float64(11830000000.0),
                sga=numpy.float64(659000000.0),
                tax_exp=numpy.float64(335000000.0),
                op_exp=numpy.float64(659000000.0),
                ebit=numpy.float64(1159000000.0),
                ebt=numpy.float64(1088000000.0),
                net_income=numpy.float64(753000000.0)
            ),
            datetime.datetime(
                2015,
                12,
                31
            ): finstmt.inc.data.IncomeStatementData(
                revenue=numpy.float64(14486000000.0),
                cogs=numpy.float64(12363000000.0),
                sga=numpy.float64(634000000.0),
                tax_exp=numpy.float64(396000000.0),
                op_exp=numpy.float64(634000000.0),
                ebit=numpy.float64(1350000000.0),
                ebt=numpy.float64(1255000000.0),
                net_income=numpy.float64(859000000.0)
            ),
            datetime.datetime(
                2016,
                12,
                31
            ): finstmt.inc.data.IncomeStatementData(
                revenue=numpy.float64(15407000000.0),
                cogs=numpy.float64(12735000000.0),
                sga=numpy.float64(743000000.0),
                tax_exp=numpy.float64(431000000.0),
                op_exp=numpy.float64(743000000.0),
                ebit=numpy.float64(1424000000.0),
                ebt=numpy.float64(1239000000.0),
                net_income=numpy.float64(808000000.0)
            ),
            datetime.datetime(
                2017,
                12,
                31
            ): finstmt.inc.data.IncomeStatementData(
                revenue=numpy.float64(20452000000.0),
                cogs=numpy.float64(16639000000.0),
                sga=numpy.float64(921000000.0),
                tax_exp=numpy.float64(1523000000.0),
                op_exp=numpy.float64(921000000.0),
                ebit=numpy.float64(2504000000.0),
                ebt=numpy.float64(2982000000.0),
                net_income=numpy.float64(1459000000.0)
            ),
            datetime.datetime(
                2018,
                12,
                31
            ): finstmt.inc.data.IncomeStatementData(
                revenue=numpy.float64(20758000000.0),
                cogs=numpy.float64(17084000000.0),
                sga=numpy.float64(927000000.0),
                tax_exp=numpy.float64(438000000.0),
                op_exp=numpy.float64(927000000.0),
                ebit=numpy.float64(2366000000.0),
                ebt=numpy.float64(2345000000.0),
                net_income=numpy.float64(1907000000.0)
            )
        }
    ),
    balance_sheets=finstmt.bs.main.BalanceSheets(
        statements={
            datetime.datetime(
                2009,
                12,
                31
            ): finstmt.bs.data.BalanceSheetData(
                receivables=numpy.float64(838000000.0),
                inventory=numpy.float64(1444000000.0),
                lt_invest=numpy.float64(249000000.0),
                other_current_assets=numpy.float64(131000000.0),
                goodwill=numpy.float64(1606000000.0),
                def_tax_lt=numpy.float64(1020000000.0),
                other_lt_assets=numpy.float64(393000000.0),
                payables=numpy.float64(562000000.0),
                current_lt_debt=numpy.float64(64000000.0),
                lt_debt=numpy.float64(2234000000.0),
                deferred_rev=numpy.float64(583000000.0),
                other_current_liab=numpy.float64(1142000000.0),
                tax_liab_lt=numpy.float64(16000000.0),
                other_lt_liab=numpy.float64(2270000000.0),
                common_stock=numpy.float64(5000000.0),
                retained_earnings=numpy.float64(3103000000.0),
                cash_and_st_invest=numpy.float64(115000000.0),
                total_current_assets=numpy.float64(2851000000.0),
                net_ppe=numpy.float64(1362000000.0),
                total_non_current_assets=numpy.float64(5082000000.0),
                total_assets=numpy.float64(7933000000.0),
                total_current_liab=numpy.float64(2287000000.0),
                total_debt=numpy.float64(2234000000.0),
                total_non_current_liab=numpy.float64(4504000000.0),
                total_liab=numpy.float64(6791000000.0),
                total_equity=numpy.float64(1142000000.0),
                total_liab_and_equity=numpy.float64(7933000000.0)
            ),
            datetime.datetime(
                2010,
                12,
                31
            ): finstmt.bs.data.BalanceSheetData(
                receivables=numpy.float64(938000000.0),
                inventory=numpy.float64(1489000000.0),
                lt_invest=numpy.float64(250000000.0),
                other_current_assets=numpy.float64(123000000.0),
                goodwill=numpy.float64(1643000000.0),
                def_tax_lt=numpy.float64(932000000.0),
                other_lt_assets=numpy.float64(205000000.0),
                payables=numpy.float64(548000000.0),
                current_lt_debt=numpy.float64(138000000.0),
                lt_debt=numpy.float64(2691000000.0),
                deferred_rev=numpy.float64(731000000.0),
                other_current_liab=numpy.float64(1037000000.0),
                tax_liab_lt=numpy.float64(1020000000.0),
                other_lt_liab=numpy.float64(2206000000.0),
                common_stock=numpy.float64(5000000.0),
                retained_earnings=numpy.float64(3286000000.0),
                cash_and_st_invest=numpy.float64(505000000.0),
                total_current_assets=numpy.float64(3382000000.0),
                net_ppe=numpy.float64(1307000000.0),
                total_non_current_assets=numpy.float64(5601000000.0),
                total_assets=numpy.float64(8983000000.0),
                total_current_liab=numpy.float64(2501000000.0),
                total_debt=numpy.float64(2691000000.0),
                total_non_current_liab=numpy.float64(4897000000.0),
                total_liab=numpy.float64(7398000000.0),
                total_equity=numpy.float64(1585000000.0),
                total_liab_and_equity=numpy.float64(8983000000.0)
            ),
            datetime.datetime(
                2011,
                12,
                31
            ): finstmt.bs.data.BalanceSheetData(
                receivables=numpy.float64(875000000.0),
                inventory=numpy.float64(11000000.0),
                lt_invest=numpy.float64(265000000.0),
                other_current_assets=numpy.float64(22000000.0),
                goodwill=numpy.float64(1721000000.0),
                def_tax_lt=numpy.float64(873000000.0),
                other_lt_assets=numpy.float64(261000000.0),
                payables=numpy.float64(569000000.0),
                current_lt_debt=numpy.float64(355000000.0),
                lt_debt=numpy.float64(1816000000.0),
                other_current_liab=numpy.float64(1005000000.0),
                tax_liab_lt=numpy.float64(605000000.0),
                other_lt_liab=numpy.float64(2317000000.0),
                common_stock=numpy.float64(5000000.0),
                retained_earnings=numpy.float64(3212000000.0),
                cash_and_st_invest=numpy.float64(102000000.0),
                total_current_assets=numpy.float64(1324000000.0),
                net_ppe=numpy.float64(1168000000.0),
                total_non_current_assets=numpy.float64(4586000000.0),
                total_assets=numpy.float64(5910000000.0),
                total_current_liab=numpy.float64(2558000000.0),
                total_debt=numpy.float64(1816000000.0),
                total_non_current_liab=numpy.float64(4133000000.0),
                total_liab=numpy.float64(6691000000.0),
                total_equity=numpy.float64(781000000.0),
                total_liab_and_equity=numpy.float64(7472000000.0)
            ),
            datetime.datetime(
                2012,
                12,
                31
            ): finstmt.bs.data.BalanceSheetData(
                receivables=numpy.float64(1028000000.0),
                lt_invest=numpy.float64(216000000.0),
                other_current_assets=numpy.float64(377000000.0),
                goodwill=numpy.float64(1989000000.0),
                def_tax_lt=numpy.float64(676000000.0),
                other_lt_assets=numpy.float64(267000000.0),
                payables=numpy.float64(557000000.0),
                current_lt_debt=numpy.float64(407000000.0),
                lt_debt=numpy.float64(2528000000.0),
                other_current_liab=numpy.float64(1052000000.0),
                tax_liab_lt=numpy.float64(485000000.0),
                other_lt_liab=numpy.float64(2326000000.0),
                common_stock=numpy.float64(5000000.0),
                retained_earnings=numpy.float64(3509000000.0),
                cash_and_st_invest=numpy.float64(88000000.0),
                total_current_assets=numpy.float64(1475000000.0),
                net_ppe=numpy.float64(1539000000.0),
                total_non_current_assets=numpy.float64(4867000000.0),
                total_assets=numpy.float64(6342000000.0),
                total_current_liab=numpy.float64(2773000000.0),
                total_debt=numpy.float64(2528000000.0),
                total_non_current_liab=numpy.float64(4854000000.0),
                total_liab=numpy.float64(7627000000.0),
                total_equity=numpy.float64(1285000000.0),
                total_liab_and_equity=numpy.float64(8912000000.0)
            ),
            datetime.datetime(
                2013,
                12,
                31
            ): finstmt.bs.data.BalanceSheetData(
                receivables=numpy.float64(1081000000.0),
                lt_invest=numpy.float64(222000000.0),
                other_current_assets=numpy.float64(342000000.0),
                goodwill=numpy.float64(2005000000.0),
                def_tax_lt=numpy.float64(647000000.0),
                other_lt_assets=numpy.float64(332000000.0),
                payables=numpy.float64(605000000.0),
                current_lt_debt=numpy.float64(6000000.0),
                lt_debt=numpy.float64(3147000000.0),
                other_current_liab=numpy.float64(1295000000.0),
                other_lt_liab=numpy.float64(2387000000.0),
                common_stock=numpy.float64(5000000.0),
                retained_earnings=numpy.float64(3837000000.0),
                cash_and_st_invest=numpy.float64(126000000.0),
                total_current_assets=numpy.float64(1903000000.0),
                net_ppe=numpy.float64(1543000000.0),
                total_non_current_assets=numpy.float64(4891000000.0),
                total_assets=numpy.float64(6794000000.0),
                total_current_liab=numpy.float64(2675000000.0),
                total_debt=numpy.float64(3147000000.0),
                total_non_current_liab=numpy.float64(5534000000.0),
                total_liab=numpy.float64(8209000000.0),
                total_equity=numpy.float64(1415000000.0),
                total_liab_and_equity=numpy.float64(9624000000.0)
            ),
            datetime.datetime(
                2014,
                12,
                31
            ): finstmt.bs.data.BalanceSheetData(
                receivables=numpy.float64(1100000000.0),
                lt_invest=numpy.float64(224000000.0),
                other_current_assets=numpy.float64(108000000.0),
                goodwill=numpy.float64(2245000000.0),
                def_tax_lt=numpy.float64(819000000.0),
                other_lt_assets=numpy.float64(260000000.0),
                payables=numpy.float64(593000000.0),
                current_lt_debt=numpy.float64(324000000.0),
                lt_debt=numpy.float64(3447000000.0),
                other_current_liab=numpy.float64(677000000.0),
                other_lt_liab=numpy.float64(2548000000.0),
                common_stock=numpy.float64(5000000.0),
                retained_earnings=numpy.float64(4286000000.0),
                cash_and_st_invest=numpy.float64(104000000.0),
                total_current_assets=numpy.float64(1610000000.0),
                net_ppe=numpy.float64(1460000000.0),
                total_non_current_assets=numpy.float64(5223000000.0),
                total_assets=numpy.float64(6833000000.0),
                total_current_liab=numpy.float64(3038000000.0),
                total_debt=numpy.float64(3447000000.0),
                total_non_current_liab=numpy.float64(5995000000.0),
                total_liab=numpy.float64(9033000000.0),
                total_equity=numpy.float64(2200000000.0),
                total_liab_and_equity=numpy.float64(11233000000.0)
            ),
            datetime.datetime(
                2015,
                12,
                31
            ): finstmt.bs.data.BalanceSheetData(
                receivables=numpy.float64(1103000000.0),
                lt_invest=numpy.float64(165000000.0),
                other_current_assets=numpy.float64(588000000.0),
                goodwill=numpy.float64(2394000000.0),
                def_tax_lt=numpy.float64(672000000.0),
                other_lt_assets=numpy.float64(223000000.0),
                payables=numpy.float64(687000000.0),
                current_lt_debt=numpy.float64(300000000.0),
                lt_debt=numpy.float64(3807000000.0),
                other_current_liab=numpy.float64(952000000.0),
                other_lt_liab=numpy.float64(2616000000.0),
                common_stock=numpy.float64(5000000.0),
                retained_earnings=numpy.float64(4878000000.0),
                cash_and_st_invest=numpy.float64(96000000.0),
                total_current_assets=numpy.float64(1384000000.0),
                net_ppe=numpy.float64(1029000000.0),
                total_non_current_assets=numpy.float64(4698000000.0),
                total_assets=numpy.float64(6082000000.0),
                total_current_liab=numpy.float64(3233000000.0),
                total_debt=numpy.float64(3807000000.0),
                total_non_current_liab=numpy.float64(6439000000.0),
                total_liab=numpy.float64(9672000000.0),
                total_equity=numpy.float64(3590000000.0),
                total_liab_and_equity=numpy.float64(13262000000.0)
            ),
            datetime.datetime(
                2016,
                12,
                31
            ): finstmt.bs.data.BalanceSheetData(
                receivables=numpy.float64(1695000000.0),
                lt_invest=numpy.float64(728000000.0),
                other_current_assets=numpy.float64(149000000.0),
                goodwill=numpy.float64(16868000000.0),
                def_tax_lt=numpy.float64(116000000.0),
                other_lt_assets=numpy.float64(477000000.0),
                payables=numpy.float64(783000000.0),
                current_lt_debt=numpy.float64(309000000.0),
                lt_debt=numpy.float64(8197000000.0),
                other_current_liab=numpy.float64(1866000000.0),
                other_lt_liab=numpy.float64(4419000000.0),
                common_stock=numpy.float64(5000000.0),
                retained_earnings=numpy.float64(6501000000.0),
                cash_and_st_invest=numpy.float64(858000000.0),
                total_current_assets=numpy.float64(3371000000.0),
                net_ppe=numpy.float64(2335000000.0),
                total_non_current_assets=numpy.float64(20769000000.0),
                total_assets=numpy.float64(24140000000.0),
                total_current_liab=numpy.float64(5147000000.0),
                total_debt=numpy.float64(8197000000.0),
                total_non_current_liab=numpy.float64(13636000000.0),
                total_liab=numpy.float64(18783000000.0),
                total_equity=numpy.float64(5357000000.0),
                total_liab_and_equity=numpy.float64(24140000000.0)
            ),
            datetime.datetime(
                2017,
                12,
                31
            ): finstmt.bs.data.BalanceSheetData(
                receivables=numpy.float64(1973000000.0),
                lt_invest=numpy.float64(734000000.0),
                other_current_assets=numpy.float64(8000000.0),
                goodwill=numpy.float64(17751000000.0),
                def_tax_lt=numpy.float64(93000000.0),
                other_lt_assets=numpy.float64(593000000.0),
                payables=numpy.float64(767000000.0),
                current_lt_debt=numpy.float64(398000000.0),
                lt_debt=numpy.float64(7840000000.0),
                other_current_liab=numpy.float64(2121000000.0),
                other_lt_liab=numpy.float64(5429000000.0),
                common_stock=numpy.float64(5000000.0),
                retained_earnings=numpy.float64(7242000000.0),
                cash_and_st_invest=numpy.float64(383000000.0),
                total_current_assets=numpy.float64(2740000000.0),
                net_ppe=numpy.float64(1793000000.0),
                total_non_current_assets=numpy.float64(21106000000.0),
                total_assets=numpy.float64(23846000000.0),
                total_current_liab=numpy.float64(5807000000.0),
                total_debt=numpy.float64(7840000000.0),
                total_non_current_liab=numpy.float64(14457000000.0),
                total_liab=numpy.float64(20264000000.0),
                total_equity=numpy.float64(3582000000.0),
                total_liab_and_equity=numpy.float64(23846000000.0)
            ),
            datetime.datetime(
                2018,
                12,
                31
            ): finstmt.bs.data.BalanceSheetData(
                receivables=numpy.float64(2133000000.0),
                lt_invest=numpy.float64(732000000.0),
                goodwill=numpy.float64(17419000000.0),
                def_tax_lt=numpy.float64(171000000.0),
                other_lt_assets=numpy.float64(587000000.0),
                current_lt_debt=numpy.float64(833000000.0),
                lt_debt=numpy.float64(8514000000.0),
                other_current_liab=numpy.float64(2529000000.0),
                other_lt_liab=numpy.float64(5304000000.0),
                common_stock=numpy.float64(5000000.0),
                retained_earnings=numpy.float64(8982000000.0),
                cash_and_st_invest=numpy.float64(316000000.0),
                total_current_assets=numpy.float64(2706000000.0),
                net_ppe=numpy.float64(1956000000.0),
                total_non_current_assets=numpy.float64(20990000000.0),
                total_assets=numpy.float64(23696000000.0),
                total_current_liab=numpy.float64(6437000000.0),
                total_debt=numpy.float64(8514000000.0),
                total_non_current_liab=numpy.float64(15034000000.0),
                total_liab=numpy.float64(21471000000.0),
                total_equity=numpy.float64(2225000000.0),
                total_liab_and_equity=numpy.float64(23696000000.0)
            )
        }
    )
)