'''
finstmt.combined.statements.FinancialStatements(
    income_statements=finstmt.inc.main.IncomeStatements(
        statements={
            datetime.datetime(
                2014,
                12,
                31
            ): finstmt.inc.data.IncomeStatementData(
                revenue=numpy.float64(55184.0),
                cogs=numpy.float64(40718.0),
                sga=numpy.float64(5894.0),
                int_exp=numpy.float64(484.0),
                tax_exp=numpy.float64(692.0),
                rd_exp=numpy.float64(2380.0),
                other_op_exp=numpy.float64(44.0),
                gain_on_sale_invest=numpy.float64(36.0),
                op_exp=numpy.float64(8318.0),
                ebit=numpy.float64(3766.0),
                ebt=numpy.float64(3160.0),
                net_income=numpy.float64(2452.0)
            ),
            datetime.datetime(
                2015,
                12,
                31
            ): finstmt.inc.data.IncomeStatementData(
                revenue=numpy.float64(47011.0),
                cogs=numpy.float64(33546.0),
                sga=numpy.float64(4363.0),
                int_exp=numpy.float64(507.0),
                tax_exp=numpy.float64(916.0),
                rd_exp=numpy.float64(2119.0),
                other_op_exp=numpy.float64(27.0),
                gain_on_sale_invest=numpy.float64(176.0),
                op_exp=numpy.float64(6509.0),
                ebit=numpy.float64(4659.0),
                ebt=numpy.float64(3439.0),
                net_income=numpy.float64(2512.0)
            ),
            datetime.datetime(
                2016,
                12,
                31
            ): finstmt.inc.data.IncomeStatementData(
                revenue=numpy.float64(38537.0),
                cogs=numpy.float64(28044.0),
                sga=numpy.float64(4476.0),
                int_exp=numpy.float64(503.0),
                tax_exp=numpy.float64(192.0),
                rd_exp=numpy.float64(1853.0),
                other_op_exp=numpy.float64(78.0),
                gain_on_sale_invest=numpy.float64(47.0),
                impairment=numpy.float64(595.0),
                op_exp=numpy.float64(6407.0),
                ebit=numpy.float64(1884.0),
                ebt=numpy.float64(133.0),
                net_income=numpy.float64(-67.0)
            ),
            datetime.datetime(
                2017,
                12,
                31
            ): finstmt.inc.data.IncomeStatementData(
                revenue=numpy.float64(45462.0),
                cogs=numpy.float64(31260.0),
                sga=numpy.float64(4425.0),
                int_exp=numpy.float64(531.0),
                tax_exp=numpy.float64(3339.0),
                rd_exp=numpy.float64(1842.0),
                other_op_exp=numpy.float64(19.0),
                gain_on_sale_invest=numpy.float64(187.0),
                op_exp=numpy.float64(6286.0),
                ebit=numpy.float64(5576.0),
                ebt=numpy.float64(4098.0),
                net_income=numpy.float64(754.0)
            ),
            datetime.datetime(
                2018,
                12,
                31
            ): finstmt.inc.data.IncomeStatementData(
                revenue=numpy.float64(54722.0),
                cogs=numpy.float64(36997.0),
                sga=numpy.float64(4806.0),
                int_exp=numpy.float64(404.0),
                tax_exp=numpy.float64(1698.0),
                rd_exp=numpy.float64(1850.0),
                other_op_exp=numpy.float64(89.0),
                gain_on_sale_invest=numpy.float64(-29.0),
                op_exp=numpy.float64(6745.0),
                ebit=numpy.float64(8336.0),
                ebt=numpy.float64(7846.0),
                net_income=numpy.float64(6147.0)
            )
        }
    ),
    balance_sheets=finstmt.bs.main.BalanceSheets(
        statements={
            datetime.datetime(
                2014,
                12,
                31
            ): finstmt.bs.data.BalanceSheetData(
                cash=numpy.float64(6317.0),
                receivables=numpy.float64(7699.0),
                inventory=numpy.float64(12205.0),
                lt_invest=numpy.float64(257.0),
                def_tax_st=numpy.float64(1644.0),
                other_current_assets=numpy.float64(27.0),
                gross_ppe=numpy.float64(31572.0),
                dep=numpy.float64(14995.0),
                goodwill=numpy.float64(6677.0),
                def_tax_lt=numpy.float64(1267.0),
                other_lt_assets=numpy.float64(528.0),
                payables=numpy.float64(6515.0),
                current_lt_debt=numpy.float64(510.0),
                st_debt=numpy.float64(9.0),
                lt_debt=numpy.float64(9408.0),
                tax_liab_st=numpy.float64(414.0),
                other_current_liab=numpy.float64(4004.0),
                tax_liab_lt=numpy.float64(414.0),
                other_lt_liab=numpy.float64(2817.0),
                common_stock=numpy.float64(5016.0),
                minority_interest=numpy.float64(80.0),
                other_income=numpy.float64(-6431.0),
                retained_earnings=numpy.float64(33887.0),
                cash_and_st_invest=numpy.float64(6317.0),
                total_current_assets=numpy.float64(38867.0),
                net_ppe=numpy.float64(16577.0),
                total_non_current_assets=numpy.float64(25306.0),
                total_assets=numpy.float64(84681.0),
                total_current_liab=numpy.float64(27877.0),
                total_debt=numpy.float64(39293.0),
                total_non_current_liab=numpy.float64(12639.0),
                total_liab=numpy.float64(67855.0),
                total_equity=numpy.float64(16826.0),
                total_liab_and_equity=numpy.float64(84681.0)
            ),
            datetime.datetime(
                2015,
                12,
                31
            ): finstmt.bs.data.BalanceSheetData(
                cash=numpy.float64(5340.0),
                receivables=numpy.float64(6677.0),
                inventory=numpy.float64(9700.0),
                lt_invest=numpy.float64(246.0),
                other_current_assets=numpy.float64(14.0),
                gross_ppe=numpy.float64(31977.0),
                dep=numpy.float64(15887.0),
                goodwill=numpy.float64(6598.0),
                def_tax_lt=numpy.float64(2367.0),
                other_lt_assets=numpy.float64(1874.0),
                payables=numpy.float64(5023.0),
                current_lt_debt=numpy.float64(517.0),
                st_debt=numpy.float64(9.0),
                lt_debt=numpy.float64(8883.0),
                other_current_liab=numpy.float64(2955.0),
                other_lt_liab=numpy.float64(3203.0),
                common_stock=numpy.float64(5238.0),
                minority_interest=numpy.float64(76.0),
                other_income=numpy.float64(-2035.0),
                retained_earnings=numpy.float64(29246.0),
                cash_and_st_invest=numpy.float64(5340.0),
                total_current_assets=numpy.float64(33508.0),
                net_ppe=numpy.float64(16090.0),
                total_non_current_assets=numpy.float64(27175.0),
                total_assets=numpy.float64(78342.0),
                total_current_liab=numpy.float64(26242.0),
                total_debt=numpy.float64(38017.0),
                total_non_current_liab=numpy.float64(12086.0),
                total_liab=numpy.float64(63457.0),
                total_equity=numpy.float64(14885.0),
                total_liab_and_equity=numpy.float64(78342.0)
            ),
            datetime.datetime(
                2016,
                12,
                31
            ): finstmt.bs.data.BalanceSheetData(
                cash=numpy.float64(5257.0),
                receivables=numpy.float64(5919.0),
                inventory=numpy.float64(8614.0),
                lt_invest=numpy.float64(249.0),
                other_current_assets=numpy.float64(23.0),
                gross_ppe=numpy.float64(31940.0),
                dep=numpy.float64(16618.0),
                goodwill=numpy.float64(6003.0),
                def_tax_lt=numpy.float64(2683.0),
                other_lt_assets=numpy.float64(1529.0),
                payables=numpy.float64(4614.0),
                current_lt_debt=numpy.float64(507.0),
                st_debt=numpy.float64(209.0),
                lt_debt=numpy.float64(8368.0),
                other_current_liab=numpy.float64(3377.0),
                other_lt_liab=numpy.float64(3184.0),
                common_stock=numpy.float64(5277.0),
                minority_interest=numpy.float64(76.0),
                other_income=numpy.float64(-2039.0),
                retained_earnings=numpy.float64(27377.0),
                cash_and_st_invest=numpy.float64(5257.0),
                total_current_assets=numpy.float64(31967.0),
                net_ppe=numpy.float64(15322.0),
                total_non_current_assets=numpy.float64(25786.0),
                total_assets=numpy.float64(74704.0),
                total_current_liab=numpy.float64(26132.0),
                total_debt=numpy.float64(36784.0),
                total_non_current_liab=numpy.float64(11552.0),
                total_liab=numpy.float64(61491.0),
                total_equity=numpy.float64(13213.0),
                total_liab_and_equity=numpy.float64(74704.0)
            ),
            datetime.datetime(
                2017,
                12,
                31
            ): finstmt.bs.data.BalanceSheetData(
                cash=numpy.float64(7381.0),
                receivables=numpy.float64(7376.0),
                inventory=numpy.float64(10018.0),
                other_current_assets=numpy.float64(48.0),
                gross_ppe=numpy.float64(31538.0),
                dep=numpy.float64(17383.0),
                goodwill=numpy.float64(6183.0),
                def_tax_lt=numpy.float64(1569.0),
                other_lt_assets=numpy.float64(950.0),
                payables=numpy.float64(6487.0),
                current_lt_debt=numpy.float64(6.0),
                st_debt=numpy.float64(1.0),
                lt_debt=numpy.float64(7492.0),
                other_current_liab=numpy.float64(3424.0),
                other_lt_liab=numpy.float64(3657.0),
                common_stock=numpy.float64(5593.0),
                minority_interest=numpy.float64(69.0),
                other_income=numpy.float64(-1192.0),
                retained_earnings=numpy.float64(26301.0),
                cash_and_st_invest=numpy.float64(7381.0),
                total_current_assets=numpy.float64(36244.0),
                net_ppe=numpy.float64(14155.0),
                total_non_current_assets=numpy.float64(22857.0),
                total_assets=numpy.float64(76962.0),
                total_current_liab=numpy.float64(26931.0),
                total_debt=numpy.float64(34880.0),
                total_non_current_liab=numpy.float64(11149.0),
                total_liab=numpy.float64(63196.0),
                total_equity=numpy.float64(13766.0),
                total_liab_and_equity=numpy.float64(76962.0)
            ),
            datetime.datetime(
                2018,
                12,
                31
            ): finstmt.bs.data.BalanceSheetData(
                cash=numpy.float64(6968.0),
                receivables=numpy.float64(8714.0),
                inventory=numpy.float64(11529.0),
                other_current_assets=numpy.float64(19.0),
                gross_ppe=numpy.float64(29781.0),
                dep=numpy.float64(16207.0),
                goodwill=numpy.float64(6217.0),
                def_tax_lt=numpy.float64(1363.0),
                other_lt_assets=numpy.float64(962.0),
                payables=numpy.float64(7051.0),
                current_lt_debt=numpy.float64(10.0),
                lt_debt=numpy.float64(7549.0),
                other_current_liab=numpy.float64(3735.0),
                other_lt_liab=numpy.float64(3319.0),
                common_stock=numpy.float64(5827.0),
                minority_interest=numpy.float64(41.0),
                other_income=numpy.float64(-1684.0),
                retained_earnings=numpy.float64(30427.0),
                cash_and_st_invest=numpy.float64(6968.0),
                total_current_assets=numpy.float64(38603.0),
                net_ppe=numpy.float64(13574.0),
                total_non_current_assets=numpy.float64(22116.0),
                total_assets=numpy.float64(78509.0),
                total_current_liab=numpy.float64(28218.0),
                total_debt=numpy.float64(36593.0),
                total_non_current_liab=numpy.float64(10868.0),
                total_liab=numpy.float64(64429.0),
                total_equity=numpy.float64(14080.0),
                total_liab_and_equity=numpy.float64(78509.0)
            )
        }
    )
)
'''