finstmt.combined.statements.FinancialStatements(
    income_statements=finstmt.inc.main.IncomeStatements(
        statements={
            datetime.datetime(
                2009,
                12,
                31
            ): finstmt.inc.data.IncomeStatementData(
                revenue=numpy.float64(32396000000.0),
                cogs=numpy.float64(24931000000.0),
                sga=numpy.float64(3645000000.0),
                int_exp=numpy.float64(389000000.0),
                tax_exp=numpy.float64(-270000000.0),
                rd_exp=numpy.float64(1421000000.0),
                op_exp=numpy.float64(6888000000.0),
                ebit=numpy.float64(1014000000.0),
                ebt=numpy.float64(625000000.0),
                net_income=numpy.float64(895000000.0)
            ),
            datetime.datetime(
                2010,
                12,
                31
            ): finstmt.inc.data.IncomeStatementData(
                revenue=numpy.float64(42588000000.0),
                cogs=numpy.float64(31281000000.0),
                sga=numpy.float64(4248000000.0),
                int_exp=numpy.float64(343000000.0),
                tax_exp=numpy.float64(968000000.0),
                rd_exp=numpy.float64(1905000000.0),
                op_exp=numpy.float64(7344000000.0),
                ebit=numpy.float64(4011000000.0),
                ebt=numpy.float64(3668000000.0),
                net_income=numpy.float64(2700000000.0)
            ),
            datetime.datetime(
                2011,
                12,
                31
            ): finstmt.inc.data.IncomeStatementData(
                revenue=numpy.float64(60138000000.0),
                cogs=numpy.float64(44404000000.0),
                sga=numpy.float64(5203000000.0),
                int_exp=numpy.float64(396000000.0),
                tax_exp=numpy.float64(1720000000.0),
                rd_exp=numpy.float64(2297000000.0),
                op_exp=numpy.float64(8581000000.0),
                ebit=numpy.float64(7044000000.0),
                ebt=numpy.float64(6648000000.0),
                net_income=numpy.float64(4928000000.0)
            ),
            datetime.datetime(
                2012,
                12,
                31
            ): finstmt.inc.data.IncomeStatementData(
                revenue=numpy.float64(65875000000.0),
                cogs=numpy.float64(47852000000.0),
                sga=numpy.float64(5919000000.0),
                int_exp=numpy.float64(467000000.0),
                tax_exp=numpy.float64(2528000000.0),
                rd_exp=numpy.float64(2466000000.0),
                op_exp=numpy.float64(9450000000.0),
                ebit=numpy.float64(8676000000.0),
                ebt=numpy.float64(8209000000.0),
                net_income=numpy.float64(5681000000.0)
            ),
            datetime.datetime(
                2013,
                12,
                31
            ): finstmt.inc.data.IncomeStatementData(
                revenue=numpy.float64(55656000000.0),
                cogs=numpy.float64(41454000000.0),
                sga=numpy.float64(5547000000.0),
                int_exp=numpy.float64(465000000.0),
                tax_exp=numpy.float64(1319000000.0),
                rd_exp=numpy.float64(2046000000.0),
                op_exp=numpy.float64(8574000000.0),
                ebit=numpy.float64(5573000000.0),
                ebt=numpy.float64(5108000000.0),
                net_income=numpy.float64(3789000000.0)
            ),
            datetime.datetime(
                2014,
                12,
                31
            ): finstmt.inc.data.IncomeStatementData(
                revenue=numpy.float64(55184000000.0),
                cogs=numpy.float64(41342000000.0),
                sga=numpy.float64(6529000000.0),
                int_exp=numpy.float64(484000000.0),
                tax_exp=numpy.float64(692000000.0),
                rd_exp=numpy.float64(2380000000.0),
                op_exp=numpy.float64(10528000000.0),
                ebit=numpy.float64(3628000000.0),
                ebt=numpy.float64(3144000000.0),
                net_income=numpy.float64(2452000000.0)
            ),
            datetime.datetime(
                2015,
                12,
                31
            ): finstmt.inc.data.IncomeStatementData(
                revenue=numpy.float64(47011000000.0),
                cogs=numpy.float64(34133000000.0),
                sga=numpy.float64(4951000000.0),
                int_exp=numpy.float64(507000000.0),
                tax_exp=numpy.float64(916000000.0),
                rd_exp=numpy.float64(2119000000.0),
                op_exp=numpy.float64(9093000000.0),
                ebit=numpy.float64(3935000000.0),
                ebt=numpy.float64(3428000000.0),
                net_income=numpy.float64(2512000000.0)
            ),
            datetime.datetime(
                2016,
                12,
                31
            ): finstmt.inc.data.IncomeStatementData(
                revenue=numpy.float64(38537000000.0),
                cogs=numpy.float64(28640000000.0),
                sga=numpy.float64(4383000000.0),
                int_exp=numpy.float64(505000000.0),
                tax_exp=numpy.float64(192000000.0),
                rd_exp=numpy.float64(1853000000.0),
                op_exp=numpy.float64(8735000000.0),
                ebit=numpy.float64(630000000.0),
                ebt=numpy.float64(125000000.0),
                net_income=numpy.float64(-67000000.0)
            ),
            datetime.datetime(
                2017,
                12,
                31
            ): finstmt.inc.data.IncomeStatementData(
                revenue=numpy.float64(45462000000.0),
                cogs=numpy.float64(31906000000.0),
                sga=numpy.float64(4999000000.0),
                int_exp=numpy.float64(531000000.0),
                tax_exp=numpy.float64(3339000000.0),
                rd_exp=numpy.float64(1842000000.0),
                op_exp=numpy.float64(9096000000.0),
                ebit=numpy.float64(4624000000.0),
                ebt=numpy.float64(4093000000.0),
                net_income=numpy.float64(754000000.0)
            ),
            datetime.datetime(
                2018,
                12,
                31
            ): finstmt.inc.data.IncomeStatementData(
                revenue=numpy.float64(54722000000.0),
                cogs=numpy.float64(37719000000.0),
                sga=numpy.float64(5478000000.0),
                int_exp=numpy.float64(404000000.0),
                tax_exp=numpy.float64(1698000000.0),
                rd_exp=numpy.float64(1850000000.0),
                op_exp=numpy.float64(8710000000.0),
                ebit=numpy.float64(8249000000.0),
                ebt=numpy.float64(7845000000.0),
                net_income=numpy.float64(6147000000.0)
            )
        }
    ),
    balance_sheets=finstmt.bs.main.BalanceSheets(
        statements={
            datetime.datetime(
                2009,
                12,
                31
            ): finstmt.bs.data.BalanceSheetData(
                cash=numpy.float64(4867000000.0),
                receivables=numpy.float64(27162000000.0),
                inventory=numpy.float64(6360000000.0),
                lt_invest=numpy.float64(105000000.0),
                goodwill=numpy.float64(2734000000.0),
                def_tax_lt=numpy.float64(3930000000.0),
                payables=numpy.float64(2993000000.0),
                st_debt=numpy.float64(9784000000.0),
                lt_debt=numpy.float64(21847000000.0),
                deposit_liab=numpy.float64(1217000000.0),
                other_income=numpy.float64(-3764000000.0),
                retained_earnings=numpy.float64(19711000000.0),
                cash_and_st_invest=numpy.float64(4867000000.0),
                total_current_assets=numpy.float64(27217000000.0),
                net_ppe=numpy.float64(12386000000.0),
                total_non_current_assets=numpy.float64(32821000000.0),
                total_assets=numpy.float64(60038000000.0),
                total_current_liab=numpy.float64(18975000000.0),
                total_debt=numpy.float64(31631000000.0),
                total_non_current_liab=numpy.float64(31763000000.0),
                total_liab=numpy.float64(50738000000.0),
                total_equity=numpy.float64(8740000000.0),
                total_liab_and_equity=numpy.float64(59478000000.0)
            ),
            datetime.datetime(
                2010,
                12,
                31
            ): finstmt.bs.data.BalanceSheetData(
                cash=numpy.float64(3592000000.0),
                receivables=numpy.float64(28849000000.0),
                inventory=numpy.float64(9587000000.0),
                lt_invest=numpy.float64(164000000.0),
                goodwill=numpy.float64(3419000000.0),
                def_tax_lt=numpy.float64(3424000000.0),
                payables=numpy.float64(5856000000.0),
                st_debt=numpy.float64(7981000000.0),
                lt_debt=numpy.float64(20437000000.0),
                deposit_liab=numpy.float64(1831000000.0),
                other_income=numpy.float64(-4051000000.0),
                retained_earnings=numpy.float64(21384000000.0),
                cash_and_st_invest=numpy.float64(3592000000.0),
                total_current_assets=numpy.float64(31810000000.0),
                net_ppe=numpy.float64(12539000000.0),
                total_non_current_assets=numpy.float64(32210000000.0),
                total_assets=numpy.float64(64020000000.0),
                total_current_liab=numpy.float64(22020000000.0),
                total_debt=numpy.float64(28418000000.0),
                total_non_current_liab=numpy.float64(30675000000.0),
                total_liab=numpy.float64(52695000000.0),
                total_equity=numpy.float64(10824000000.0),
                total_liab_and_equity=numpy.float64(63519000000.0)
            ),
            datetime.datetime(
                2011,
                12,
                31
            ): finstmt.bs.data.BalanceSheetData(
                cash=numpy.float64(3057000000.0),
                receivables=numpy.float64(30803000000.0),
                inventory=numpy.float64(14544000000.0),
                lt_invest=numpy.float64(133000000.0),
                goodwill=numpy.float64(11448000000.0),
                def_tax_lt=numpy.float64(3737000000.0),
                payables=numpy.float64(8161000000.0),
                st_debt=numpy.float64(9648000000.0),
                lt_debt=numpy.float64(24944000000.0),
                deposit_liab=numpy.float64(2487000000.0),
                other_income=numpy.float64(-6328000000.0),
                retained_earnings=numpy.float64(25219000000.0),
                cash_and_st_invest=numpy.float64(3057000000.0),
                total_current_assets=numpy.float64(37900000000.0),
                net_ppe=numpy.float64(14395000000.0),
                total_non_current_assets=numpy.float64(43318000000.0),
                total_assets=numpy.float64(81218000000.0),
                total_current_liab=numpy.float64(28357000000.0),
                total_debt=numpy.float64(34592000000.0),
                total_non_current_liab=numpy.float64(39459000000.0),
                total_liab=numpy.float64(67816000000.0),
                total_equity=numpy.float64(12883000000.0),
                total_liab_and_equity=numpy.float64(80699000000.0)
            ),
            datetime.datetime(
                2012,
                12,
                31
            ): finstmt.bs.data.BalanceSheetData(
                cash=numpy.float64(5490000000.0),
                receivables=numpy.float64(33911000000.0),
                inventory=numpy.float64(15547000000.0),
                lt_invest=numpy.float64(272000000.0),
                goodwill=numpy.float64(10958000000.0),
                def_tax_lt=numpy.float64(3558000000.0),
                payables=numpy.float64(6753000000.0),
                st_debt=numpy.float64(12391000000.0),
                lt_debt=numpy.float64(27752000000.0),
                deposit_liab=numpy.float64(2638000000.0),
                other_income=numpy.float64(-6433000000.0),
                retained_earnings=numpy.float64(29558000000.0),
                cash_and_st_invest=numpy.float64(5490000000.0),
                total_current_assets=numpy.float64(42138000000.0),
                net_ppe=numpy.float64(16461000000.0),
                total_non_current_assets=numpy.float64(46832000000.0),
                total_assets=numpy.float64(88970000000.0),
                total_current_liab=numpy.float64(29415000000.0),
                total_debt=numpy.float64(40143000000.0),
                total_non_current_liab=numpy.float64(41973000000.0),
                total_liab=numpy.float64(71388000000.0),
                total_equity=numpy.float64(17532000000.0),
                total_liab_and_equity=numpy.float64(88920000000.0)
            ),
            datetime.datetime(
                2013,
                12,
                31
            ): finstmt.bs.data.BalanceSheetData(
                cash=numpy.float64(6081000000.0),
                receivables=numpy.float64(33499000000.0),
                inventory=numpy.float64(12625000000.0),
                lt_invest=numpy.float64(272000000.0),
                goodwill=numpy.float64(10552000000.0),
                def_tax_lt=numpy.float64(2147000000.0),
                payables=numpy.float64(6560000000.0),
                st_debt=numpy.float64(11031000000.0),
                lt_debt=numpy.float64(26719000000.0),
                deposit_liab=numpy.float64(2360000000.0),
                other_income=numpy.float64(-3898000000.0),
                retained_earnings=numpy.float64(31854000000.0),
                cash_and_st_invest=numpy.float64(6081000000.0),
                total_current_assets=numpy.float64(38335000000.0),
                net_ppe=numpy.float64(17075000000.0),
                total_non_current_assets=numpy.float64(46561000000.0),
                total_assets=numpy.float64(84896000000.0),
                total_current_liab=numpy.float64(27297000000.0),
                total_debt=numpy.float64(37750000000.0),
                total_non_current_liab=numpy.float64(36721000000.0),
                total_liab=numpy.float64(64018000000.0),
                total_equity=numpy.float64(20811000000.0),
                total_liab_and_equity=numpy.float64(84829000000.0)
            ),
            datetime.datetime(
                2014,
                12,
                31
            ): finstmt.bs.data.BalanceSheetData(
                cash=numpy.float64(7341000000.0),
                receivables=numpy.float64(32772000000.0),
                inventory=numpy.float64(12205000000.0),
                lt_invest=numpy.float64(257000000.0),
                goodwill=numpy.float64(9770000000.0),
                def_tax_lt=numpy.float64(3143000000.0),
                payables=numpy.float64(6515000000.0),
                st_debt=numpy.float64(11501000000.0),
                lt_debt=numpy.float64(27784000000.0),
                deposit_liab=numpy.float64(1697000000.0),
                other_income=numpy.float64(-6431000000.0),
                retained_earnings=numpy.float64(33887000000.0),
                cash_and_st_invest=numpy.float64(7341000000.0),
                total_current_assets=numpy.float64(38867000000.0),
                net_ppe=numpy.float64(16577000000.0),
                total_non_current_assets=numpy.float64(45814000000.0),
                total_assets=numpy.float64(84681000000.0),
                total_current_liab=numpy.float64(27877000000.0),
                total_debt=numpy.float64(39285000000.0),
                total_non_current_liab=numpy.float64(39978000000.0),
                total_liab=numpy.float64(67855000000.0),
                total_equity=numpy.float64(16746000000.0),
                total_liab_and_equity=numpy.float64(84601000000.0)
            ),
            datetime.datetime(
                2015,
                12,
                31
            ): finstmt.bs.data.BalanceSheetData(
                cash=numpy.float64(6460000000.0),
                receivables=numpy.float64(30507000000.0),
                inventory=numpy.float64(9700000000.0),
                goodwill=numpy.float64(9436000000.0),
                def_tax_lt=numpy.float64(2489000000.0),
                payables=numpy.float64(5023000000.0),
                st_debt=numpy.float64(12844000000.0),
                lt_debt=numpy.float64(25169000000.0),
                deposit_liab=numpy.float64(1146000000.0),
                other_income=numpy.float64(-2035000000.0),
                retained_earnings=numpy.float64(29246000000.0),
                cash_and_st_invest=numpy.float64(6460000000.0),
                total_current_assets=numpy.float64(33508000000.0),
                net_ppe=numpy.float64(16090000000.0),
                total_non_current_assets=numpy.float64(44834000000.0),
                total_assets=numpy.float64(78342000000.0),
                total_current_liab=numpy.float64(26242000000.0),
                total_debt=numpy.float64(38013000000.0),
                total_non_current_liab=numpy.float64(37215000000.0),
                total_liab=numpy.float64(63457000000.0),
                total_equity=numpy.float64(14809000000.0),
                total_liab_and_equity=numpy.float64(78266000000.0)
            ),
            datetime.datetime(
                2016,
                12,
                31
            ): finstmt.bs.data.BalanceSheetData(
                cash=numpy.float64(7168000000.0),
                receivables=numpy.float64(29088000000.0),
                inventory=numpy.float64(8614000000.0),
                goodwill=numpy.float64(8369000000.0),
                def_tax_lt=numpy.float64(2790000000.0),
                payables=numpy.float64(4614000000.0),
                st_debt=numpy.float64(13965000000.0),
                lt_debt=numpy.float64(22818000000.0),
                deposit_liab=numpy.float64(1167000000.0),
                other_income=numpy.float64(-2039000000.0),
                retained_earnings=numpy.float64(27377000000.0),
                cash_and_st_invest=numpy.float64(7168000000.0),
                total_current_assets=numpy.float64(31967000000.0),
                net_ppe=numpy.float64(15322000000.0),
                total_non_current_assets=numpy.float64(42737000000.0),
                total_assets=numpy.float64(74704000000.0),
                total_current_liab=numpy.float64(26132000000.0),
                total_debt=numpy.float64(36783000000.0),
                total_non_current_liab=numpy.float64(35359000000.0),
                total_liab=numpy.float64(61491000000.0),
                total_equity=numpy.float64(13213000000.0),
                total_liab_and_equity=numpy.float64(74704000000.0)
            ),
            datetime.datetime(
                2017,
                12,
                31
            ): finstmt.bs.data.BalanceSheetData(
                cash=numpy.float64(8261000000.0),
                receivables=numpy.float64(30725000000.0),
                inventory=numpy.float64(10018000000.0),
                goodwill=numpy.float64(8311000000.0),
                def_tax_lt=numpy.float64(1693000000.0),
                payables=numpy.float64(6487000000.0),
                st_debt=numpy.float64(11031000000.0),
                lt_debt=numpy.float64(23847000000.0),
                deposit_liab=numpy.float64(1426000000.0),
                other_income=numpy.float64(-1192000000.0),
                retained_earnings=numpy.float64(26301000000.0),
                cash_and_st_invest=numpy.float64(8261000000.0),
                total_current_assets=numpy.float64(36244000000.0),
                net_ppe=numpy.float64(14155000000.0),
                total_non_current_assets=numpy.float64(40718000000.0),
                total_assets=numpy.float64(76962000000.0),
                total_current_liab=numpy.float64(26931000000.0),
                total_debt=numpy.float64(34878000000.0),
                total_non_current_liab=numpy.float64(36265000000.0),
                total_liab=numpy.float64(63196000000.0),
                total_equity=numpy.float64(13766000000.0),
                total_liab_and_equity=numpy.float64(76962000000.0)
            ),
            datetime.datetime(
                2018,
                12,
                31
            ): finstmt.bs.data.BalanceSheetData(
                cash=numpy.float64(7857000000.0),
                receivables=numpy.float64(31899000000.0),
                inventory=numpy.float64(11529000000.0),
                goodwill=numpy.float64(8114000000.0),
                def_tax_lt=numpy.float64(1439000000.0),
                payables=numpy.float64(7051000000.0),
                st_debt=numpy.float64(11553000000.0),
                lt_debt=numpy.float64(25000000000.0),
                deposit_liab=numpy.float64(1243000000.0),
                other_income=numpy.float64(-1684000000.0),
                retained_earnings=numpy.float64(30427000000.0),
                cash_and_st_invest=numpy.float64(7857000000.0),
                total_current_assets=numpy.float64(38603000000.0),
                net_ppe=numpy.float64(13574000000.0),
                total_non_current_assets=numpy.float64(39906000000.0),
                total_assets=numpy.float64(78509000000.0),
                total_current_liab=numpy.float64(28218000000.0),
                total_debt=numpy.float64(36553000000.0),
                total_non_current_liab=numpy.float64(36211000000.0),
                total_liab=numpy.float64(64429000000.0),
                total_equity=numpy.float64(14080000000.0),
                total_liab_and_equity=numpy.float64(78509000000.0)
            )
        }
    )
)