'''
2012-03-31       NaN
2012-06-30    3708.0
2012-09-30    1555.0
2012-12-31   -2088.0
2013-03-31    4313.0
2013-06-30    2771.0
2013-09-30    2077.0
2013-12-31   -1946.0
2014-03-31    4973.0
2014-06-30    1662.0
2014-09-30    1261.0
2014-12-31   -2665.0
2015-03-31    5854.0
2015-06-30    1310.0
2015-09-30    1047.0
2015-12-31   -3001.0
2016-03-31    4515.0
2016-06-30    1728.0
2016-09-30     624.0
2016-12-31   -4089.0
2017-03-31    4746.0
2017-06-30    1310.0
2017-09-30     797.0
2017-12-31   -5733.0
2018-03-31    5402.0
2018-06-30    1447.0
2018-09-30    1335.0
2018-12-31   -3756.0
2019-03-31    5102.0
2019-06-30    2003.0
2019-09-30    1374.0
dtype: float64
'''