'''
2009-12-31             NaN
2010-12-31    4.960000e+08
2011-12-31   -1.534000e+09
2012-12-31   -1.904000e+09
2013-12-31    6.316000e+09
2014-12-31    4.052000e+09
2015-12-31    6.277000e+09
2016-12-31    2.797000e+09
2017-12-31    7.530000e+08
2018-12-31    4.607000e+09
dtype: float64
'''