'''
2009-12-31             NaN
2010-12-31    3.540000e+08
2011-12-31    1.899000e+09
2012-12-31    4.600000e+07
2013-12-31    6.170000e+08
2014-12-31    8.050000e+08
2015-12-31    1.381000e+09
2016-12-31   -9.940000e+08
2017-12-31    1.707000e+09
2018-12-31    8.170000e+08
dtype: float64
'''