'''
2014-12-31       NaN
2015-12-31    5210.0
2016-12-31    2778.0
2017-12-31    1120.0
2018-12-31    4414.0
dtype: float64
'''